8 rnbqkbnr      MoveHistory
7 pppppppp
6  _ _ _ _
5 _ _ _ _
4  _ _ _ _
3 _ _ _ _
2 PPPPPPPP
1 RNBQKBNR

  abcdefgh
8 rnbqkbnr      MoveHistory
7 pppppppp      White: pawn d2 -> d3
6  _ _ _ _
5 _ _ _ _
4  _ _ _ _
3 _ _P_ _
2 PPP PPPP
1 RNBQKBNR

  abcdefgh
8 rnbqkbnr      MoveHistory
7 pppppp_p      White: pawn d2 -> d3
6  _ _ _p_      Black: pawn g7 -> g6
5 _ _ _ _
4  _ _ _ _
3 _ _P_ _
2 PPP PPPP
1 RNBQKBNR

  abcdefgh
8 rnbqkbnr      MoveHistory
7 pppppp_p      White: pawn d2 -> d3
6  _ _ _pB      Black: pawn g7 -> g6
5 _ _ _ _       White: bishop c1 -> h6
4  _ _ _ _
3 _ _P_ _
2 PPP PPPP
1 RN_QKBNR

  abcdefgh
8 rnbqk_nr      MoveHistory
7 pppppp_p      White: pawn d2 -> d3
6  _ _ _pb      Black: pawn g7 -> g6
5 _ _ _ _       White: bishop c1 -> h6
4  _ _ _ _      Black: bishop f8 -> h6 (capture a bishop)
3 _ _P_ _
2 PPP PPPP
1 RN_QKBNR

  abcdefgh
